     1                                  ;har1b0OS-ipl
     2                                  ; TAB=4
     3                                  
     4                                  CYLS		EQU		10
     5                                  		ORG		0x7c00		;このプログラムがどこに読み込まれるのか
     6                                  
     7                                  ;以下は標準的なFAT12フォーマットフロッピーディスクのための記述
     8                                  
     9 00000000 EB48                    		JMP		entry
    10 00000002 90                      		DB		0x90
    11 00000003 484152312D42306970-     		DB		"HAR1-B0ipl"		;ブートセクタの名前
    11 0000000C 6C                 
    12 0000000D 0002                    		DW		512				;1セクタの大きさ
    13 0000000F 01                      		DB		1				;FAT開始場所
    14 00000010 0100                    		DW		1				;
    15 00000012 02                      		DB		2				;FATの個数
    16 00000013 E000                    		DW		224				;ルートディレクトリ領域の大きさ
    17 00000015 400B                    		DW		2880			;ドライブの大きさ
    18 00000017 F0                      		DB		0xf0			;メディアタイプ
    19 00000018 0900                    		DW		9				;FAT領域の長さ
    20 0000001A 1200                    		DW		18				;1トラックにあるセクタの数
    21 0000001C 0200                    		DW		2				;ヘッド数
    22 0000001E 00000000                		DD		0				;パーティション
    23 00000022 000029                  		DB		0,0,0x29		;この値にする
    24 00000025 FFFFFFFF                		DD		0xffffffff		;ボリュームシリアル番号
    25 00000029 484152312D42304F53      		DB		"HAR1-B0OS"		;ディスクの名前
    26 00000032 464154313209            		DB		"FAT12	"		;フォーマットの名前
    27 00000038 <res 00000012>          		RESB	18				;仮にあけとく
    27          ******************       warning: uninitialized space declared in .text section: zeroing
    28                                  
    29                                  ;プログラム本体
    30                                  
    31                                  entry:
    32 0000004A B80000                  		MOV		AX,0			;レジスタ初期化
    33 0000004D 8ED0                    		MOV		SS,AX
    34 0000004F BC007C                  		MOV		SP,0x7c00
    35 00000052 8ED8                    		MOV		DS,AX
    36                                  
    37                                  ;ディスクを読む
    38                                  
    39 00000054 B82008                  		MOV		AX,0x0820
    40 00000057 8EC0                    		MOV		ES,AX
    41 00000059 B500                    		MOV		CH,0			;シリンダ0
    42 0000005B B600                    		MOV		DH,0			;ヘッド0
    43 0000005D B102                    		MOV		CL,2			;セクタ2
    44                                  
    45                                  readloop:
    46 0000005F BE0000                  		MOV		SI,0			;失敗回数を数えるレジスタ
    47                                  
    48                                  retry:
    49 00000062 B402                    		MOV		AH,0x02			;AH=0x02 :ディスク読み込み
    50 00000064 B001                    		MOV		AL,1			;1セクタ
    51 00000066 BB0000                  		MOV		BX,0			
    52 00000069 B200                    		MOV		DL,0x00			;Aドライブ
    53 0000006B CD13                    		INT		0x13			;ディスクBIOS呼び出し
    54 0000006D 7310                    		JNC		next				;エラーにならなかったらfinへ
    55 0000006F 83C601                  		ADD		SI,1			;SIに1を足す
    56 00000072 83FE05                  		CMP		SI,5			;SIと5を比較
    57 00000075 7332                    		JAE		error			;SI>=5だったらerrorへ
    58 00000077 B400                    		MOV		AH,0x00			;(システムリセットに必要な操作)
    59 00000079 B200                    		MOV		DL,0x00			;Aドライブ(システムリセットに必要な操作)
    60 0000007B CD13                    		INT		0x13			;ドライブのリセット(システムリセットに必要な操作)
    61 0000007D EBE3                    		JMP		retry
    62                                  
    63                                  next:
    64 0000007F 8CC0                    		MOV		AX,ES			;開始位置(0x820)まで移動する
    65 00000081 83C020                  		ADD		AX,0x0020		;アドレスを0x200進める
    66 00000084 8EC0                    		MOV		ES,AX			;ADD ES,0x20という命令がないのでこのように表記
    67                                  ;シリンダ18まで
    68 00000086 80C101                  		ADD		CL,1			;CLに1を足す
    69 00000089 80F912                  		CMP		CL,18			;CLと18を比較
    70 0000008C 76D1                    		JBE		readloop		;CL<=18だったらreadloopへ
    71                                  ;ヘッドの裏まで読んだのか確認
    72 0000008E B101                    		MOV		CL,1
    73 00000090 80C601                  		ADD		DH,1
    74 00000093 80FE02                  		CMP		DH,2
    75 00000096 72C7                    		JB		readloop		;DH<2だったらreadloopへ
    76                                  ;初期化
    77 00000098 B600                    		MOV		DH,0
    78 0000009A 80C501                  		ADD		CH,1
    79 0000009D 80FD0A                  		CMP		CH,CYLS
    80 000000A0 72BD                    		JB		readloop		;CH<CYLSだったらreadloop
    81                                  
    82                                  ;ブートローダ終了して、OSを読み込む
    83                                  
    84 000000A2 882EF00F                		MOV		[0x0ff0],CH		;IPLがどこまで読んだのかをsysに教えてあげるために情報が入っているCHをメモリの中に代入
    85 000000A6 E9(00C2)                		JMP		0xc200
    86                                  
    87                                  error:
    88 000000A9 BE[C100]                		MOV		SI,msg
    89                                  putloop:
    90 000000AC 8A04                    		MOV		AL,[SI]
    91 000000AE 83C601                  		ADD		SI,1			;SIに1を足す
    92 000000B1 3C00                    		CMP		AL,0
    93 000000B3 7409                    		JE		fin
    94 000000B5 B40E                    		MOV		AH,0x0e			;一文字表示ファンクション
    95 000000B7 BB0F00                  		MOV		BX,15			;カラーコード
    96 000000BA CD10                    		INT		0x10			;ビデオBIOS呼び出し
    97 000000BC EBEE                    		JMP		putloop
    98                                  
    99                                  fin:
   100 000000BE F4                      		HLT						;何かあるまでCPUを停止させる
   101 000000BF EBFD                    		JMP		fin				;無限ループ
   102                                  
   103                                  msg:
   104 000000C1 0A0A                    		DB		0x0a,0x0a		;改行を2つ
   105 000000C3 6C6F6164206572726F-     		DB		"load error"
   105 000000CC 72                 
   106 000000CD 0A                      		DB		0x0a			;改行
   107 000000CE 00                      		DB		0
   108                                  
   109 000000CF <res 0000012F>          		RESB	0x7dfe-0x7c00-($-$$)		;0x1efまでを0x00で埋める命令
   109          ******************       warning: uninitialized space declared in .text section: zeroing
   110                                  
   111                                  ;end
   112                                  
   113 000001FE 55AA                    		DB		0x55,0xaa		;BS BootSign
